Microchip MPLAB XC8 Compiler V1.33 ()

Linker command line:

--edf=C:\Program Files (x86)\Microchip\xc8\v1.33\dat\en_msgs.txt -cs \
  -h+dist/default/production\sg2Pro.X.production.sym \
  --cmf=dist/default/production\sg2Pro.X.production.cmf -z -Q16F690 \
  -oC:\Users\fedor\AppData\Local\Temp\s4m8.6 \
  -Mdist/default/production/sg2Pro.X.production.map -E1 -ver=XC8 \
  -ASTACK=0A0h-0efh -pstack=STACK -ACONST=00h-0FFhx16 -ACODE=00h-07FFhx2 \
  -ASTRCODE=00h-0FFFh -AENTRY=00h-0FFhx16 -ASTRING=00h-0FFhx16 \
  -ACOMMON=070h-07Fh -ABANK0=020h-06Fh -ABANK1=0A0h-0EFh \
  -ABANK2=0120h-016Fh -ARAM=020h-06Fh,0A0h-0EFh,0120h-016Fh \
  -AABS1=020h-07Fh,0A0h-0EFh,0120h-016Fh -ASFR0=00h-01Fh -ASFR1=080h-09Fh \
  -ASFR2=0100h-011Fh -ASFR3=0180h-01EFh \
  -preset_vec=00h,intentry=04h,init,end_init -ppowerup=CODE -pcinit=CODE \
  -pfunctab=CODE -ACONFIG=02007h-02007h -pconfig=CONFIG -DCONFIG=2 \
  -AIDLOC=02000h-02003h -pidloc=IDLOC -DIDLOC=2 -AEEDATA=00h-0FFh/02100h \
  -peeprom_data=EEDATA -DEEDATA=2 -DCODE=2 -DSTRCODE=2 -DSTRING=2 -DCONST=2 \
  -DENTRY=2 -k C:\Users\fedor\AppData\Local\Temp\s4m8.obj \
  dist/default/production\sg2Pro.X.production.obj 

Object code version is 3.11

Machine type is 16F690



                Name                               Link     Load   Length Selector   Space Scale
C:\Users\fedor\AppData\Local\Temp\s4m8.obj
                end_init                              D        D        2        8       0
                reset_vec                             0        0        2        0       0
                config                             2007     2007        1     400E       0
dist/default/production\sg2Pro.X.production.obj
                cinit                                 F        F        9        8       0
                intentry                              4        4        9        8       0
                eeprom_data                           0     2100       20     4200       3
                text21                              3D5      3D5      269        8       0
                text16                              63E      63E      195        8       0
                text15                              7D3      7D3       16        8       0
                text14                              E90      E90      170     1D20       0
                text6                               BB3      BB3       8A     1766       0
                text3                               D44      D44      14C     1A88       0
                text1                                18       18      3BD        8       0
                maintext                            C3D      C3D      107     187A       0
                cstackBANK0                          20       20       29       20       1
                cstackCOMMON                         70       70        E       70       1
                clrtext                             7E9      7E9        8        8       0
                bssBANK0                             49       49       18       20       1
                nvBANK0                              61       61        6       20       1

TOTAL           Name                               Link     Load   Length     Space
        CLASS   STACK          

        CLASS   CONST          

        CLASS   CODE           
                end_init                              D        D        2         0
                cinit                                 F        F        9         0
                intentry                              4        4        9         0
                reset_vec                             0        0        2         0
                text21                              3D5      3D5      269         0
                text16                              63E      63E      195         0
                text15                              7D3      7D3       16         0
                text14                              E90      E90      170         0
                text6                               BB3      BB3       8A         0
                text3                               D44      D44      14C         0
                text1                                18       18      3BD         0
                maintext                            C3D      C3D      107         0
                clrtext                             7E9      7E9        8         0

        CLASS   STRCODE        

        CLASS   ENTRY          

        CLASS   STRING         

        CLASS   COMMON         
                cstackCOMMON                         70       70        E         1

        CLASS   BANK0          
                cstackBANK0                          20       20       29         1
                bssBANK0                             49       49       18         1
                nvBANK0                              61       61        6         1

        CLASS   BANK1          

        CLASS   BANK2          

        CLASS   RAM            

        CLASS   ABS1           
                abs_s1                               7E       7E        2         1

        CLASS   SFR0           

        CLASS   SFR1           

        CLASS   SFR2           

        CLASS   SFR3           

        CLASS   CONFIG         
                config                             2007     2007        1         0

        CLASS   IDLOC          

        CLASS   EEDATA         
                eeprom_data                           0     2100       20         3

        CLASS   BANK3          



SEGMENTS        Name                           Load    Length   Top    Selector   Space  Class     Delta

                reset_vec                      000000  000002  000002         0       0  CODE        2
                intentry                       000004  0007ED  0007F1         8       0  CODE        2
                cstackBANK0                    000020  000047  000067        20       1  BANK0       1
                cstackCOMMON                   000070  00000E  00007E        70       1  COMMON      1
                text6                          000BB3  00008A  000C3D      1766       0  CODE        2
                maintext                       000C3D  000107  000D44      187A       0  CODE        2
                text3                          000D44  00014C  000E90      1A88       0  CODE        2
                text14                         000E90  000170  001000      1D20       0  CODE        2
                config                         002007  000001  002008      400E       0  CONFIG      2
                eeprom_data                    002100  000020  002120      4200       3  EEDATA      2


UNUSED ADDRESS RANGES

        Name                Unused          Largest block    Delta
        BANK0            0067-006F              9           1
        BANK1            00A0-00EF             50           1
        BANK2            0120-016F             50           1
        CODE             0002-0003              2           2
                         07F1-0BB2              F
        CONST            0002-0003              2           2
                         07F1-0BB2            100
        EEDATA           2120-21FF             E0           2
        ENTRY            0002-0003              2           2
                         07F1-0BB2            100
        IDLOC            2000-2003              4           2
        RAM              0067-006F              9           1
                         00A0-00EF             50
                         0120-016F             50
        SFR0             0000-001F             20           1
        SFR1             0080-009F             20           1
        SFR2             0100-011F             20           1
        SFR3             0180-01EF             70           1
        STACK            00A0-00EF             50           1
        STRCODE          0002-0003              2           2
                         07F1-0BB2            3C2
        STRING           0002-0003              2           2
                         07F1-0BB2            100

                                  Symbol Table

?___awdiv                  cstackBANK0  0025
ADC_Start@ANCh             cstackBANK0  0029
CheckRes@Te                cstackBANK0  0030
CheckRes@Ub                cstackBANK0  002F
EngBinState@WrLogEvent     cstackBANK0  0028
I2CSlaveSR@x               cstackCOMMON 007A
OutRet@Read                cstackBANK0  0026
OutRet@addr                cstackBANK0  0029
OutRet@gie                 cstackBANK0  002A
OutRet@ret                 cstackBANK0  0025
PL10                       text1        03A5
PL12                       text1        03AF
PL14                       text1        03B9
PL16                       text1        03C2
PL18                       text1        03C8
PL2                        text1        0379
PL20                       text6        0C37
PL22                       text16       07CC
PL24                       text21       0631
PL26                       text21       0638
PL28                       text14       0FFB
PL30                       text1        03D1
PL4                        text1        038A
PL6                        text16       07BD
PL8                        text1        0399
RXbyte@addrH               cstackBANK0  002C
RXbyte@addrL               cstackBANK0  002A
RXbyte@d                   cstackBANK0  002B
RXbyte@i                   cstackBANK0  002E
SearchStop@addrhs          cstackBANK0  0030
SearchStop@addrls          cstackBANK0  0031
SearchStop@d               cstackBANK0  0032
StartCheck@OnceMore        cstackBANK0  002A
TEngUbattRW@EqTimes        cstackBANK0  002F
TEngUbattRW@Read           cstackBANK0  002C
TEngUbattRW@StartAddr      cstackBANK0  0032
TEngUbattRW@Teng           cstackBANK0  002B
TEngUbattRW@addr           cstackBANK0  0033
TEngUbattRW@lTeng          cstackBANK0  0030
TXNbytes@N                 cstackBANK0  002A
TXNbytes@addrh             cstackBANK0  0030
TXNbytes@addrl             cstackBANK0  0029
TXNbytes@d                 cstackBANK0  002B
TXNbytes@i                 cstackBANK0  0033
TXNbytes@j                 cstackBANK0  0031
TXNbytes@ret               cstackBANK0  0032
TmrRoutines@WrLogEvent     cstackBANK0  002B
TmrRoutines@pBINtmr        cstackBANK0  002C
WriteLog@Event             cstackBANK0  003B
WriteLog@ResetReason       cstackBANK0  0034
WriteLog@d                 cstackBANK0  003C
WriteLog@i                 cstackBANK0  003A
_ADCON0                    (abs)        001F
_ADCON0bits                (abs)        001F
_ADCON1                    (abs)        009F
_ADC_Start                 text16       078B
_ADRESH                    (abs)        001E
_ADRESL                    (abs)        009E
_ANSEL                     (abs)        011E
_ANSELH                    (abs)        011F
_ASRONTmr                  nvBANK0      0061
_BinSt                     bssBANK0     0049
_CheckRes                  text16       063E
_CheckTimes                bssBANK0     004A
_CheckedNow                nvBANK0      0062
_DetectReset               text15       07D3
_EEADR                     (abs)        010D
_EECON1bits                (abs)        018C
_EECON2                    (abs)        018D
_EEDAT                     (abs)        010C
_EngBinState               text14       0E90
_EngSt                     bssBANK0     004B
_EngStartTmr               nvBANK0      0063
_I2CReset                  text3        0E67
_I2CSlaveSR                text21       03F2
_INTCON                    (abs)        000B
_INTCONbits                (abs)        000B
_IOCBbits                  (abs)        0116
_IntSvcSync                bssBANK0     004C
_InterruptService          text21       03D5
_NewASRTmr                 nvBANK0      0064
_NewBinTmr                 nvBANK0      0065
_NewState                  bssBANK0     004D
_OPTION_REGbits            (abs)        0081
_OutRet                    text6        0BF9
_PCONbits                  (abs)        008E
_PIE1                      (abs)        008C
_PIE1bits                  (abs)        008C
_PIR1                      (abs)        000C
_PIR1bits                  (abs)        000C
_PIR2                      (abs)        000D
_PORTA                     (abs)        0005
_PORTAbits                 (abs)        0005
_PORTB                     (abs)        0006
_PORTBbits                 (abs)        0006
_PORTC                     (abs)        0007
_PORTCbits                 (abs)        0007
_PinState                  bssBANK0     004E
_RXbyte                    text1        023A
_SSPADD                    (abs)        0093
_SSPBUF                    (abs)        0013
_SSPCON                    (abs)        0014
_SSPCONbits                (abs)        0014
_SSPMSK                    (abs)        0093
_SSPSTAT                   (abs)        0094
_SSPSTATbits               (abs)        0094
_STATUSbits                (abs)        0003
_SearchStop                text1        01AB
_StartCheck                text16       074A
_StateTest                 bssBANK0     004F
_T1CON                     (abs)        0010
_T1CONbits                 (abs)        0010
_TEB                       bssBANK0     005B
_TEBPrev                   bssBANK0     0050
_TEngTemp                  bssBANK0     005C
_TEngUbattRW               text6        0BB3
_TMR0                      (abs)        0001
_TMR1H                     (abs)        000F
_TMR1L                     (abs)        000E
_TRISA                     (abs)        0085
_TRISB                     (abs)        0086
_TRISBbits                 (abs)        0086
_TRISC                     (abs)        0087
_TXNbytes                  text1        013D
_Teng                      bssBANK0     005D
_TmrRoutines               text3        0D44
_ToCheck                   bssBANK0     0051
_Ubatt                     bssBANK0     005E
_UbattMin                  bssBANK0     005F
_UbattTmr                  nvBANK0      0066
_WDTCON                    (abs)        0097
_WPUA                      (abs)        0095
_WPUB                      (abs)        0115
_WriteLog                  text1        0018
__Babs1                    abs1         4240
__Bbank0                   bank0        4240
__Bbank1                   bank1        4240
__Bbank2                   bank2        4240
__Bbank3                   bank3        4240
__BbssBANK0                bssBANK0     4240
__Bclrtext                 clrtext      4240
__Bcode                    code         4240
__Bcommon                  common       4240
__BcstackBANK0             cstackBANK0  4240
__BcstackCOMMON            cstackCOMMON 4240
__Beeprom_data             eeprom_data  2100
__Bmaintext                maintext     4240
__BnvBANK0                 nvBANK0      4240
__Bpa_nodes                pa_nodes     4240
__Bram                     ram          4240
__Bsfr0                    sfr0         4240
__Bsfr1                    sfr1         4240
__Bsfr2                    sfr2         4240
__Bsfr3                    sfr3         4240
__Bstrings                 strings      4240
__Btext                    text         4240
__CFG_BOREN$ON             (abs)        0000
__CFG_CP$ON                (abs)        0000
__CFG_CPD$ON               (abs)        0000
__CFG_FCMEN$OFF            (abs)        0000
__CFG_FOSC$INTRCIO         (abs)        0000
__CFG_IESO$ON              (abs)        0000
__CFG_MCLRE$ON             (abs)        0000
__CFG_PWRTE$ON             (abs)        0000
__CFG_WDTE$OFF             (abs)        0000
__Habs1                    abs1         0040
__Hbank0                   bank0        0040
__Hbank1                   bank1        0040
__Hbank2                   bank2        0040
__Hbank3                   bank3        0040
__HbssBANK0                bssBANK0     0040
__Hcinit                   cinit        0018
__Hclrtext                 clrtext      0040
__Hcode                    code         0040
__Hcommon                  common       0040
__Hconfig                  config       2008
__HcstackBANK0             cstackBANK0  0040
__HcstackCOMMON            cstackCOMMON 0040
__Heeprom_data             eeprom_data  0020
__Hend_init                end_init     000F
__Hfunctab                 functab      0000
__Hidloc                   idloc        0000
__Hinit                    init         000D
__Hintentry                intentry     000D
__Hmaintext                maintext     0040
__HnvBANK0                 nvBANK0      0040
__Hpa_nodes                pa_nodes     0040
__Hpowerup                 powerup      0000
__Hram                     ram          0040
__Hreset_vec               reset_vec    0002
__Hsfr0                    sfr0         0040
__Hsfr1                    sfr1         0040
__Hsfr2                    sfr2         0040
__Hsfr3                    sfr3         0040
__Hspace_0                 (abs)        2008
__Hspace_1                 (abs)        007E
__Hspace_2                 (abs)        0000
__Hspace_3                 (abs)        0020
__Hstack                   stack        0000
__Hstrings                 strings      0040
__Htext                    text         0040
__Labs1                    abs1         0040
__Lbank0                   bank0        0040
__Lbank1                   bank1        0040
__Lbank2                   bank2        0040
__Lbank3                   bank3        0040
__LbssBANK0                bssBANK0     0040
__Lcinit                   cinit        000F
__Lclrtext                 clrtext      0040
__Lcode                    code         0040
__Lcommon                  common       0040
__Lconfig                  config       2007
__LcstackBANK0             cstackBANK0  0040
__LcstackCOMMON            cstackCOMMON 0040
__Leeprom_data             eeprom_data  0000
__Lend_init                end_init     000D
__Lfunctab                 functab      0000
__Lidloc                   idloc        0000
__Linit                    init         000D
__Lintentry                intentry     0004
__Lmaintext                maintext     0040
__LnvBANK0                 nvBANK0      0040
__Lpa_nodes                pa_nodes     0040
__Lpowerup                 powerup      0000
__Lram                     ram          0040
__Lreset_vec               reset_vec    0000
__Lsfr0                    sfr0         0040
__Lsfr1                    sfr1         0040
__Lsfr2                    sfr2         0040
__Lsfr3                    sfr3         0040
__Lspace_0                 (abs)        0000
__Lspace_1                 (abs)        0000
__Lspace_2                 (abs)        0000
__Lspace_3                 (abs)        0000
__Lstack                   stack        0000
__Lstrings                 strings      0040
__Ltext                    text         0040
__S0                       (abs)        2008
__S1                       (abs)        007E
__S2                       (abs)        0000
__S3                       (abs)        2120
___awdiv                   text16       06CB
___awdiv@counter           cstackBANK0  0029
___awdiv@dividend          cstackBANK0  0027
___awdiv@divisor           cstackBANK0  0025
___awdiv@quotient          cstackBANK0  002B
___awdiv@sign              cstackBANK0  002A
___int_sp                  stack        0000
___latbits                 (abs)        0001
___sp                      stack        0000
__end_ofPL10               text1        03AF
__end_ofPL12               text1        03B9
__end_ofPL14               text1        03C2
__end_ofPL16               text1        03C8
__end_ofPL18               text1        03D1
__end_ofPL2                text1        038A
__end_ofPL20               text6        0C3D
__end_ofPL22               text16       07D3
__end_ofPL24               text21       0638
__end_ofPL26               text21       063E
__end_ofPL28               text14       1000
__end_ofPL30               text1        03D5
__end_ofPL4                text1        0399
__end_ofPL6                text16       07CC
__end_ofPL8                text1        03A5
__end_of_ADC_Start         text16       07BD
__end_of_CheckRes          text16       06CB
__end_of_DetectReset       text15       07E9
__end_of_EngBinState       text14       0FFB
__end_of_I2CReset          text3        0E73
__end_of_I2CSlaveSR        text21       05B6
__end_of_InterruptService  text21       03F2
__end_of_OutRet            text6        0C37
__end_of_RXbyte            text1        0282
__end_of_SearchStop        text1        023A
__end_of_StartCheck        text16       078B
__end_of_TEngUbattRW       text6        0BF9
__end_of_TXNbytes          text1        01AB
__end_of_TmrRoutines       text3        0E67
__end_of_WriteLog          text1        013D
__end_of___awdiv           text16       0710
__end_of__initialization   cinit        0015
__end_of_decr_check_times  text16       074A
__end_of_i2c_init          text3        0E90
__end_of_i2c_rx            text1        0379
__end_of_i2c_start         text1        02FD
__end_of_i2c_stop          text1        0326
__end_of_i2c_tx            text1        02DD
__end_of_main              maintext     0D44
__end_ofi1_OutRet          text21       0631
__end_ofi1_TEngUbattRW     text21       05FD
__initialization           cinit        000F
__pbssBANK0                bssBANK0     0049
__pcstackBANK0             cstackBANK0  0020
__pcstackCOMMON            cstackCOMMON 0070
__pintentry                intentry     0004
__pmaintext                maintext     0C3D
__pnvBANK0                 nvBANK0      0061
__ptext1                   text1        0018
__ptext10                  text1        0282
__ptext11                  text1        02FD
__ptext12                  text1        02DD
__ptext13                  text1        0326
__ptext14                  text14       0E90
__ptext15                  text15       07D3
__ptext16                  text16       063E
__ptext17                  text16       0710
__ptext18                  text16       06CB
__ptext19                  text16       074A
__ptext2                   text1        013D
__ptext20                  text16       078B
__ptext21                  text21       03D5
__ptext22                  text21       03F2
__ptext23                  text21       05B6
__ptext24                  text21       05FD
__ptext3                   text3        0D44
__ptext4                   text3        0E67
__ptext5                   text3        0E73
__ptext6                   text6        0BB3
__ptext7                   text6        0BF9
__ptext8                   text1        01AB
__ptext9                   text1        023A
__size_of_ADC_Start        (abs)        0000
__size_of_CheckRes         (abs)        0000
__size_of_DetectReset      (abs)        0000
__size_of_EngBinState      (abs)        0000
__size_of_I2CReset         (abs)        0000
__size_of_I2CSlaveSR       (abs)        0000
__size_of_InterruptService (abs)        0000
__size_of_OutRet           (abs)        0000
__size_of_RXbyte           (abs)        0000
__size_of_SearchStop       (abs)        0000
__size_of_StartCheck       (abs)        0000
__size_of_TEngUbattRW      (abs)        0000
__size_of_TXNbytes         (abs)        0000
__size_of_TmrRoutines      (abs)        0000
__size_of_WriteLog         (abs)        0000
__size_of___awdiv          (abs)        0000
__size_of_decr_check_times (abs)        0000
__size_of_i2c_init         (abs)        0000
__size_of_i2c_rx           (abs)        0000
__size_of_i2c_start        (abs)        0000
__size_of_i2c_stop         (abs)        0000
__size_of_i2c_tx           (abs)        0000
__size_of_main             (abs)        0000
__size_ofi1_OutRet         (abs)        0000
__size_ofi1_TEngUbattRW    (abs)        0000
_addrh                     bssBANK0     0052
_addrl                     bssBANK0     0053
_day                       bssBANK0     0054
_decr_check_times          text16       0710
_hour                      bssBANK0     0060
_i2cCmd                    bssBANK0     0055
_i2cEEPROMAddr             bssBANK0     0056
_i2cHoldTmr                bssBANK0     0057
_i2cSSPIFTmr               bssBANK0     0058
_i2c_init                  text3        0E73
_i2c_rx                    text1        0326
_i2c_start                 text1        02DD
_i2c_stop                  text1        02FD
_i2c_tx                    text1        0282
_main                      maintext     0C3D
_min                       bssBANK0     0059
_sec                       bssBANK0     005A
btemp                      (abs)        007E
clear_ram0                 clrtext      07E9
end_of_initialization      cinit        0015
i1OutRet@Read              cstackCOMMON 0071
i1OutRet@addr              cstackCOMMON 0074
i1OutRet@gie               cstackCOMMON 0075
i1OutRet@ret               cstackCOMMON 0070
i1TEngUbattRW@EqTimes      cstackBANK0  0020
i1TEngUbattRW@Read         cstackCOMMON 0077
i1TEngUbattRW@StartAddr    cstackBANK0  0023
i1TEngUbattRW@Teng         cstackCOMMON 0076
i1TEngUbattRW@addr         cstackBANK0  0024
i1TEngUbattRW@lTeng        cstackBANK0  0021
i1_OutRet                  text21       05FD
i1_TEngUbattRW             text21       05B6
i2c_init@slaveaddr         cstackBANK0  0025
i2c_rx@ClkStrRetryTimes    cstackBANK0  0026
i2c_rx@ack                 cstackBANK0  0027
i2c_rx@d                   cstackBANK0  0025
i2c_rx@i                   cstackBANK0  0028
i2c_rx@j                   cstackBANK0  0029
i2c_start@force            cstackBANK0  0025
i2c_stop@Force             cstackBANK0  0025
i2c_stop@sttries           cstackBANK0  0026
i2c_tx@CareAboutAck        cstackBANK0  0025
i2c_tx@ClckStretchus       cstackBANK0  0026
i2c_tx@dt                  cstackBANK0  0027
i2c_tx@i                   cstackBANK0  0028
interrupt_function         intentry     0004
intlevel0                  functab      0000
intlevel1                  functab      0000
intlevel2                  functab      0000
intlevel3                  functab      0000
intlevel4                  functab      0000
intlevel5                  functab      0000
ltemp                      (abs)        007E
ltemp0                     (abs)        007E
ltemp1                     (abs)        0082
ltemp2                     (abs)        0086
ltemp3                     (abs)        0080
main@BINtmr                cstackBANK0  0048
main@ResetReason           cstackBANK0  0045
main@resbin                cstackBANK0  0046
main@restmr                cstackBANK0  0047
reset_vec                  reset_vec    0000
saved_w                    (abs)        007E
stackhi                    (abs)        0000
stacklo                    (abs)        0000
start                      init         000D
start_initialization       cinit        000F
ttemp                      (abs)        007E
ttemp0                     (abs)        007E
ttemp1                     (abs)        0081
ttemp2                     (abs)        0084
ttemp3                     (abs)        0087
ttemp4                     (abs)        007F
wtemp                      (abs)        007E
wtemp0                     (abs)        007E
wtemp1                     (abs)        0080
wtemp2                     (abs)        0082
wtemp3                     (abs)        0084
wtemp4                     (abs)        0086
wtemp5                     (abs)        0088
wtemp6                     (abs)        007F


FUNCTION INFORMATION:

 *************** function _main *****************
 Defined at:
		line 1065 in file "newmain.c"
 Parameters:    Size  Location     Type
		None
 Auto vars:     Size  Location     Type
  restmr          1   39[BANK0 ] unsigned char 
  resbin          1   38[BANK0 ] unsigned char 
  BINtmr          1   40[BANK0 ] unsigned char 
  ResetReason     1   37[BANK0 ] unsigned char 
 Return value:  Size  Location     Type
		None               void
 Registers used:
		wreg, fsr0l, fsr0h, status,2, status,0, pclath, cstack
 Tracked objects:
		On entry : 
		On exit  : 
		Unchanged: 
 Data sizes:     COMMON   BANK0   BANK1   BANK2
      Params:         0       0       0       0
      Locals:         0       4       0       0
      Temps:          0       3       0       0
      Totals:         0       7       0       0
Total ram usage:        7 bytes
 Hardware stack levels required when called:    7
 This function calls:
		_CheckRes
		_DetectReset
		_EngBinState
		_SearchStop
		_StartCheck
		_TEngUbattRW
		_TmrRoutines
		_WriteLog
		_i2c_init
 This function is called by:
		Startup code after reset
 This function uses a non-reentrant model


 *************** function _WriteLog *****************
 Defined at:
		line 128 in file "newmain.c"
 Parameters:    Size  Location     Type
  Event           1    wreg     unsigned char 
  ResetReason     1   20[BANK0 ] unsigned char 
 Auto vars:     Size  Location     Type
  Event           1   27[BANK0 ] unsigned char 
  d               6   28[BANK0 ] unsigned char [6]
  i               1   26[BANK0 ] unsigned char 
 Return value:  Size  Location     Type
		None               void
 Registers used:
		wreg, fsr0l, fsr0h, status,2, status,0, pclath, cstack
 Tracked objects:
		On entry : 
		On exit  : 
		Unchanged: 
 Data sizes:     COMMON   BANK0   BANK1   BANK2
      Params:         0       1       0       0
      Locals:         0       8       0       0
      Temps:          0       5       0       0
      Totals:         0      14       0       0
Total ram usage:       14 bytes
 Hardware stack levels used:    1
 Hardware stack levels required when called:    6
 This function calls:
		_TXNbytes
 This function is called by:
		_main
 This function uses a non-reentrant model


 *************** function _TXNbytes *****************
 Defined at:
		line 476 in file "../../i2c/i2c_my.c"
 Parameters:    Size  Location     Type
  addrh           1    wreg     unsigned char 
  addrl           1    9[BANK0 ] unsigned char 
  N               1   10[BANK0 ] unsigned char 
  d               1   11[BANK0 ] PTR unsigned char 
		 -> WriteLog@d(6), 
 Auto vars:     Size  Location     Type
  addrh           1   16[BANK0 ] unsigned char 
  i               1   19[BANK0 ] unsigned char 
  ret             1   18[BANK0 ] unsigned char 
  j               1   17[BANK0 ] unsigned char 
 Return value:  Size  Location     Type
                  1    wreg      unsigned char 
 Registers used:
		wreg, fsr0l, fsr0h, status,2, status,0, pclath, cstack
 Tracked objects:
		On entry : 
		On exit  : 
		Unchanged: 
 Data sizes:     COMMON   BANK0   BANK1   BANK2
      Params:         0       3       0       0
      Locals:         0       4       0       0
      Temps:          0       4       0       0
      Totals:         0      11       0       0
Total ram usage:       11 bytes
 Hardware stack levels used:    1
 Hardware stack levels required when called:    5
 This function calls:
		_i2c_start
		_i2c_stop
		_i2c_tx
 This function is called by:
		_WriteLog
 This function uses a non-reentrant model


 *************** function _TmrRoutines *****************
 Defined at:
		line 836 in file "newmain.c"
 Parameters:    Size  Location     Type
  pBINtmr         1    wreg     PTR unsigned char 
		 -> main@BINtmr(1), 
 Auto vars:     Size  Location     Type
  pBINtmr         1   12[BANK0 ] PTR unsigned char 
		 -> main@BINtmr(1), 
  WrLogEvent      1   11[BANK0 ] unsigned char 
 Return value:  Size  Location     Type
                  1    wreg      unsigned char 
 Registers used:
		wreg, fsr0l, fsr0h, status,2, status,0, pclath, cstack
 Tracked objects:
		On entry : 
		On exit  : 
		Unchanged: 
 Data sizes:     COMMON   BANK0   BANK1   BANK2
      Params:         0       0       0       0
      Locals:         0       2       0       0
      Temps:          0       3       0       0
      Totals:         0       5       0       0
Total ram usage:        5 bytes
 Hardware stack levels used:    1
 Hardware stack levels required when called:    6
 This function calls:
		_I2CReset
 This function is called by:
		_main
 This function uses a non-reentrant model


 *************** function _I2CReset *****************
 Defined at:
		line 560 in file "newmain.c"
 Parameters:    Size  Location     Type
		None
 Auto vars:     Size  Location     Type
		None
 Return value:  Size  Location     Type
		None               void
 Registers used:
		wreg, status,2, status,0, pclath, cstack
 Tracked objects:
		On entry : 
		On exit  : 
		Unchanged: 
 Data sizes:     COMMON   BANK0   BANK1   BANK2
      Params:         0       0       0       0
      Locals:         0       0       0       0
      Temps:          0       2       0       0
      Totals:         0       2       0       0
Total ram usage:        2 bytes
 Hardware stack levels used:    1
 Hardware stack levels required when called:    5
 This function calls:
		_i2c_init
 This function is called by:
		_TmrRoutines
 This function uses a non-reentrant model


 *************** function _i2c_init *****************
 Defined at:
		line 6 in file "../../i2c/i2c_my.c"
 Parameters:    Size  Location     Type
  slaveaddr       1    wreg     unsigned char 
 Auto vars:     Size  Location     Type
  slaveaddr       1    5[BANK0 ] unsigned char 
 Return value:  Size  Location     Type
		None               void
 Registers used:
		wreg, status,2, status,0
 Tracked objects:
		On entry : 
		On exit  : 
		Unchanged: 
 Data sizes:     COMMON   BANK0   BANK1   BANK2
      Params:         0       0       0       0
      Locals:         0       1       0       0
      Temps:          0       0       0       0
      Totals:         0       1       0       0
Total ram usage:        1 bytes
 Hardware stack levels used:    1
 Hardware stack levels required when called:    4
 This function calls:
		Nothing
 This function is called by:
		_I2CReset
		_main
 This function uses a non-reentrant model


 *************** function _TEngUbattRW *****************
 Defined at:
		line 31 in file "EEPROMfunc.c"
 Parameters:    Size  Location     Type
  StartAddr       1    wreg     unsigned char 
  Teng            1   11[BANK0 ] PTR unsigned char 
		 -> TEngTemp(1), UbattMin(1), I2CSlaveSR@x(1), Teng(1), 
		 -> Ubatt(1), 
  Read            1   12[BANK0 ] unsigned char 
 Auto vars:     Size  Location     Type
  StartAddr       1   18[BANK0 ] unsigned char 
  addr            1   19[BANK0 ] unsigned char 
  RTimes          1    0        unsigned char 
  lTeng           1   16[BANK0 ] unsigned char 
  EqTimes         1   15[BANK0 ] unsigned char 
 Return value:  Size  Location     Type
                  1    wreg      unsigned char 
 Registers used:
		wreg, fsr0l, fsr0h, status,2, status,0, pclath, cstack
 Tracked objects:
		On entry : 
		On exit  : 
		Unchanged: 
 Data sizes:     COMMON   BANK0   BANK1   BANK2
      Params:         0       2       0       0
      Locals:         0       5       0       0
      Temps:          0       2       0       0
      Totals:         0       9       0       0
Total ram usage:        9 bytes
 Hardware stack levels used:    1
 Hardware stack levels required when called:    5
 This function calls:
		_OutRet
 This function is called by:
		_main
 This function uses a non-reentrant model


 *************** function _OutRet *****************
 Defined at:
		line 5 in file "EEPROMfunc.c"
 Parameters:    Size  Location     Type
  addr            1    wreg     unsigned char 
  ret             1    5[BANK0 ] PTR unsigned char 
		 -> TEngTemp(1), UbattMin(1), I2CSlaveSR@x(1), Teng(1), 
		 -> Ubatt(1), 
  Read            1    6[BANK0 ] unsigned char 
 Auto vars:     Size  Location     Type
  addr            1    9[BANK0 ] unsigned char 
  gie             1   10[BANK0 ] unsigned char 
 Return value:  Size  Location     Type
		None               void
 Registers used:
		wreg, fsr0l, fsr0h, status,2
 Tracked objects:
		On entry : 
		On exit  : 
		Unchanged: 
 Data sizes:     COMMON   BANK0   BANK1   BANK2
      Params:         0       2       0       0
      Locals:         0       2       0       0
      Temps:          0       2       0       0
      Totals:         0       6       0       0
Total ram usage:        6 bytes
 Hardware stack levels used:    1
 Hardware stack levels required when called:    4
 This function calls:
		Nothing
 This function is called by:
		_TEngUbattRW
 This function uses a non-reentrant model


 *************** function _SearchStop *****************
 Defined at:
		line 230 in file "newmain.c"
 Parameters:    Size  Location     Type
		None
 Auto vars:     Size  Location     Type
  d               1   18[BANK0 ] unsigned char 
  addrls          1   17[BANK0 ] unsigned char 
  addrhs          1   16[BANK0 ] unsigned char 
 Return value:  Size  Location     Type
		None               void
 Registers used:
		wreg, fsr0l, fsr0h, status,2, status,0, pclath, cstack
 Tracked objects:
		On entry : 
		On exit  : 
		Unchanged: 
 Data sizes:     COMMON   BANK0   BANK1   BANK2
      Params:         0       0       0       0
      Locals:         0       3       0       0
      Temps:          0       1       0       0
      Totals:         0       4       0       0
Total ram usage:        4 bytes
 Hardware stack levels used:    1
 Hardware stack levels required when called:    6
 This function calls:
		_RXbyte
 This function is called by:
		_main
 This function uses a non-reentrant model


 *************** function _RXbyte *****************
 Defined at:
		line 297 in file "../../i2c/i2c_my.c"
 Parameters:    Size  Location     Type
  addrH           1    wreg     unsigned char 
  addrL           1   10[BANK0 ] unsigned char 
  d               1   11[BANK0 ] PTR unsigned char 
		 -> SearchStop@d(1), 
 Auto vars:     Size  Location     Type
  addrH           1   12[BANK0 ] unsigned char 
  i               1   14[BANK0 ] unsigned char 
  ret             1    0        unsigned char 
 Return value:  Size  Location     Type
                  1    wreg      unsigned char 
 Registers used:
		wreg, fsr0l, fsr0h, status,2, status,0, pclath, cstack
 Tracked objects:
		On entry : 
		On exit  : 
		Unchanged: 
 Data sizes:     COMMON   BANK0   BANK1   BANK2
      Params:         0       2       0       0
      Locals:         0       3       0       0
      Temps:          0       0       0       0
      Totals:         0       5       0       0
Total ram usage:        5 bytes
 Hardware stack levels used:    1
 Hardware stack levels required when called:    5
 This function calls:
		_i2c_rx
		_i2c_start
		_i2c_stop
		_i2c_tx
 This function is called by:
		_SearchStop
 This function uses a non-reentrant model


 *************** function _i2c_tx *****************
 Defined at:
		line 116 in file "../../i2c/i2c_my.c"
 Parameters:    Size  Location     Type
  dt              1    wreg     unsigned char 
  CareAboutAck    1    5[BANK0 ] unsigned char 
 Auto vars:     Size  Location     Type
  dt              1    7[BANK0 ] unsigned char 
  i               1    8[BANK0 ] unsigned char 
  ClckStretchu    1    6[BANK0 ] unsigned char 
 Return value:  Size  Location     Type
                  1    wreg      unsigned char 
 Registers used:
		wreg, status,2, status,0
 Tracked objects:
		On entry : 
		On exit  : 
		Unchanged: 
 Data sizes:     COMMON   BANK0   BANK1   BANK2
      Params:         0       1       0       0
      Locals:         0       3       0       0
      Temps:          0       0       0       0
      Totals:         0       4       0       0
Total ram usage:        4 bytes
 Hardware stack levels used:    1
 Hardware stack levels required when called:    4
 This function calls:
		Nothing
 This function is called by:
		_RXbyte
		_TXNbytes
 This function uses a non-reentrant model


 *************** function _i2c_stop *****************
 Defined at:
		line 82 in file "../../i2c/i2c_my.c"
 Parameters:    Size  Location     Type
  Force           1    wreg     unsigned char 
 Auto vars:     Size  Location     Type
  Force           1    5[BANK0 ] unsigned char 
  sttries         1    6[BANK0 ] unsigned char 
 Return value:  Size  Location     Type
                  1    wreg      unsigned char 
 Registers used:
		wreg, status,2, status,0
 Tracked objects:
		On entry : 
		On exit  : 
		Unchanged: 
 Data sizes:     COMMON   BANK0   BANK1   BANK2
      Params:         0       0       0       0
      Locals:         0       2       0       0
      Temps:          0       0       0       0
      Totals:         0       2       0       0
Total ram usage:        2 bytes
 Hardware stack levels used:    1
 Hardware stack levels required when called:    4
 This function calls:
		Nothing
 This function is called by:
		_RXbyte
		_TXNbytes
 This function uses a non-reentrant model


 *************** function _i2c_start *****************
 Defined at:
		line 61 in file "../../i2c/i2c_my.c"
 Parameters:    Size  Location     Type
  force           1    wreg     unsigned char 
 Auto vars:     Size  Location     Type
  force           1    5[BANK0 ] unsigned char 
 Return value:  Size  Location     Type
                  1    wreg      unsigned char 
 Registers used:
		wreg, status,2, status,0
 Tracked objects:
		On entry : 
		On exit  : 
		Unchanged: 
 Data sizes:     COMMON   BANK0   BANK1   BANK2
      Params:         0       0       0       0
      Locals:         0       1       0       0
      Temps:          0       0       0       0
      Totals:         0       1       0       0
Total ram usage:        1 bytes
 Hardware stack levels used:    1
 Hardware stack levels required when called:    4
 This function calls:
		Nothing
 This function is called by:
		_RXbyte
		_TXNbytes
 This function uses a non-reentrant model


 *************** function _i2c_rx *****************
 Defined at:
		line 180 in file "../../i2c/i2c_my.c"
 Parameters:    Size  Location     Type
  ack             1    wreg     unsigned char 
  d               1    5[BANK0 ] PTR unsigned char 
		 -> SearchStop@d(1), 
  ClkStrRetryT    1    6[BANK0 ] unsigned char 
 Auto vars:     Size  Location     Type
  ack             1    7[BANK0 ] unsigned char 
  j               1    9[BANK0 ] unsigned char 
  i               1    8[BANK0 ] unsigned char 
 Return value:  Size  Location     Type
                  1    wreg      unsigned char 
 Registers used:
		wreg, fsr0l, fsr0h, status,2, status,0
 Tracked objects:
		On entry : 
		On exit  : 
		Unchanged: 
 Data sizes:     COMMON   BANK0   BANK1   BANK2
      Params:         0       2       0       0
      Locals:         0       3       0       0
      Temps:          0       0       0       0
      Totals:         0       5       0       0
Total ram usage:        5 bytes
 Hardware stack levels used:    1
 Hardware stack levels required when called:    4
 This function calls:
		Nothing
 This function is called by:
		_RXbyte
 This function uses a non-reentrant model


 *************** function _EngBinState *****************
 Defined at:
		line 315 in file "newmain.c"
 Parameters:    Size  Location     Type
		None
 Auto vars:     Size  Location     Type
  WrLogEvent      1    8[BANK0 ] unsigned char 
 Return value:  Size  Location     Type
                  1    wreg      unsigned char 
 Registers used:
		wreg, status,2, status,0
 Tracked objects:
		On entry : 
		On exit  : 
		Unchanged: 
 Data sizes:     COMMON   BANK0   BANK1   BANK2
      Params:         0       0       0       0
      Locals:         0       1       0       0
      Temps:          0       3       0       0
      Totals:         0       4       0       0
Total ram usage:        4 bytes
 Hardware stack levels used:    1
 Hardware stack levels required when called:    4
 This function calls:
		Nothing
 This function is called by:
		_main
 This function uses a non-reentrant model


 *************** function _DetectReset *****************
 Defined at:
		line 1049 in file "newmain.c"
 Parameters:    Size  Location     Type
		None
 Auto vars:     Size  Location     Type
		None
 Return value:  Size  Location     Type
                  1    wreg      unsigned char 
 Registers used:
		wreg
 Tracked objects:
		On entry : 
		On exit  : 
		Unchanged: 
 Data sizes:     COMMON   BANK0   BANK1   BANK2
      Params:         0       0       0       0
      Locals:         0       0       0       0
      Temps:          0       0       0       0
      Totals:         0       0       0       0
Total ram usage:        0 bytes
 Hardware stack levels used:    1
 Hardware stack levels required when called:    4
 This function calls:
		Nothing
 This function is called by:
		_main
 This function uses a non-reentrant model


 *************** function _CheckRes *****************
 Defined at:
		line 97 in file "PinsCheck.c"
 Parameters:    Size  Location     Type
		None
 Auto vars:     Size  Location     Type
  Te              1   16[BANK0 ] unsigned char 
  Ub              1   15[BANK0 ] unsigned char 
 Return value:  Size  Location     Type
		None               void
 Registers used:
		wreg, fsr0l, fsr0h, status,2, status,0, pclath, cstack
 Tracked objects:
		On entry : 
		On exit  : 
		Unchanged: 
 Data sizes:     COMMON   BANK0   BANK1   BANK2
      Params:         0       0       0       0
      Locals:         0       2       0       0
      Temps:          0       2       0       0
      Totals:         0       4       0       0
Total ram usage:        4 bytes
 Hardware stack levels used:    1
 Hardware stack levels required when called:    6
 This function calls:
		_StartCheck
		___awdiv
		_decr_check_times
 This function is called by:
		_main
 This function uses a non-reentrant model


 *************** function _decr_check_times *****************
 Defined at:
		line 76 in file "PinsCheck.c"
 Parameters:    Size  Location     Type
		None
 Auto vars:     Size  Location     Type
		None
 Return value:  Size  Location     Type
                  1    wreg      unsigned char 
 Registers used:
		wreg, status,2, status,0
 Tracked objects:
		On entry : 
		On exit  : 
		Unchanged: 
 Data sizes:     COMMON   BANK0   BANK1   BANK2
      Params:         0       0       0       0
      Locals:         0       0       0       0
      Temps:          0       2       0       0
      Totals:         0       2       0       0
Total ram usage:        2 bytes
 Hardware stack levels used:    1
 Hardware stack levels required when called:    4
 This function calls:
		Nothing
 This function is called by:
		_CheckRes
 This function uses a non-reentrant model


 *************** function ___awdiv *****************
 Defined at:
		line 6 in file "C:\Program Files (x86)\Microchip\xc8\v1.33\sources\common\awdiv.c"
 Parameters:    Size  Location     Type
  divisor         2    5[BANK0 ] int 
  dividend        2    7[BANK0 ] int 
 Auto vars:     Size  Location     Type
  quotient        2   11[BANK0 ] int 
  sign            1   10[BANK0 ] unsigned char 
  counter         1    9[BANK0 ] unsigned char 
 Return value:  Size  Location     Type
                  2    5[BANK0 ] int 
 Registers used:
		wreg, status,2, status,0
 Tracked objects:
		On entry : 
		On exit  : 
		Unchanged: 
 Data sizes:     COMMON   BANK0   BANK1   BANK2
      Params:         0       4       0       0
      Locals:         0       4       0       0
      Temps:          0       0       0       0
      Totals:         0       8       0       0
Total ram usage:        8 bytes
 Hardware stack levels used:    1
 Hardware stack levels required when called:    4
 This function calls:
		Nothing
 This function is called by:
		_CheckRes
 This function uses a non-reentrant model


 *************** function _StartCheck *****************
 Defined at:
		line 9 in file "PinsCheck.c"
 Parameters:    Size  Location     Type
  OnceMore        1    wreg     unsigned char 
 Auto vars:     Size  Location     Type
  OnceMore        1   10[BANK0 ] unsigned char 
 Return value:  Size  Location     Type
                  1    wreg      unsigned char 
 Registers used:
		wreg, status,2, status,0, pclath, cstack
 Tracked objects:
		On entry : 
		On exit  : 
		Unchanged: 
 Data sizes:     COMMON   BANK0   BANK1   BANK2
      Params:         0       0       0       0
      Locals:         0       1       0       0
      Temps:          0       0       0       0
      Totals:         0       1       0       0
Total ram usage:        1 bytes
 Hardware stack levels used:    1
 Hardware stack levels required when called:    5
 This function calls:
		_ADC_Start
 This function is called by:
		_main
		_CheckRes
 This function uses a non-reentrant model


 *************** function _ADC_Start *****************
 Defined at:
		line 207 in file "PinsCheck.c"
 Parameters:    Size  Location     Type
  ANCh            1    wreg     unsigned char 
 Auto vars:     Size  Location     Type
  ANCh            1    9[BANK0 ] unsigned char 
 Return value:  Size  Location     Type
		None               void
 Registers used:
		wreg, status,2, status,0
 Tracked objects:
		On entry : 
		On exit  : 
		Unchanged: 
 Data sizes:     COMMON   BANK0   BANK1   BANK2
      Params:         0       0       0       0
      Locals:         0       1       0       0
      Temps:          0       4       0       0
      Totals:         0       5       0       0
Total ram usage:        5 bytes
 Hardware stack levels used:    1
 Hardware stack levels required when called:    4
 This function calls:
		Nothing
 This function is called by:
		_StartCheck
 This function uses a non-reentrant model


 *************** function _InterruptService *****************
 Defined at:
		line 103 in file "newmain.c"
 Parameters:    Size  Location     Type
		None
 Auto vars:     Size  Location     Type
  n               1    0        unsigned char 
 Return value:  Size  Location     Type
		None               void
 Registers used:
		wreg, fsr0l, fsr0h, status,2, status,0, pclath, cstack
 Tracked objects:
		On entry : 
		On exit  : 
		Unchanged: 
 Data sizes:     COMMON   BANK0   BANK1   BANK2
      Params:         0       0       0       0
      Locals:         0       0       0       0
      Temps:          3       0       0       0
      Totals:         3       0       0       0
Total ram usage:        3 bytes
 Hardware stack levels used:    1
 Hardware stack levels required when called:    3
 This function calls:
		_I2CSlaveSR
 This function is called by:
		Interrupt level 1
 This function uses a non-reentrant model


 *************** function _I2CSlaveSR *****************
 Defined at:
		line 568 in file "newmain.c"
 Parameters:    Size  Location     Type
		None
 Auto vars:     Size  Location     Type
  x               1   10[COMMON] unsigned char 
 Return value:  Size  Location     Type
		None               void
 Registers used:
		wreg, fsr0l, fsr0h, status,2, status,0, pclath, cstack
 Tracked objects:
		On entry : 
		On exit  : 
		Unchanged: 
 Data sizes:     COMMON   BANK0   BANK1   BANK2
      Params:         0       0       0       0
      Locals:         1       0       0       0
      Temps:          0       0       0       0
      Totals:         1       0       0       0
Total ram usage:        1 bytes
 Hardware stack levels used:    1
 Hardware stack levels required when called:    2
 This function calls:
		i1_OutRet
		i1_TEngUbattRW
 This function is called by:
		_InterruptService
 This function uses a non-reentrant model


 *************** function i1_TEngUbattRW *****************
 Defined at:
		line 31 in file "EEPROMfunc.c"
 Parameters:    Size  Location     Type
  StartAddr       1    wreg     unsigned char 
  Teng            1    6[COMMON] PTR unsigned char 
		 -> TEngTemp(1), UbattMin(1), I2CSlaveSR@x(1), Teng(1), 
		 -> Ubatt(1), 
  Read            1    7[COMMON] unsigned char 
 Auto vars:     Size  Location     Type
  StartAddr       1    3[BANK0 ] unsigned char 
  TEngUbattRW     1    4[BANK0 ] unsigned char 
  TEngUbattRW     1    0        unsigned char 
  TEngUbattRW     1    1[BANK0 ] unsigned char 
  TEngUbattRW     1    0[BANK0 ] unsigned char 
 Return value:  Size  Location     Type
                  1    wreg      unsigned char 
 Registers used:
		wreg, fsr0l, fsr0h, status,2, status,0, pclath, cstack
 Tracked objects:
		On entry : 
		On exit  : 
		Unchanged: 
 Data sizes:     COMMON   BANK0   BANK1   BANK2
      Params:         2       0       0       0
      Locals:         0       5       0       0
      Temps:          2       0       0       0
      Totals:         4       5       0       0
Total ram usage:        9 bytes
 Hardware stack levels used:    1
 Hardware stack levels required when called:    1
 This function calls:
		i1_OutRet
 This function is called by:
		_I2CSlaveSR
 This function uses a non-reentrant model


 *************** function i1_OutRet *****************
 Defined at:
		line 5 in file "EEPROMfunc.c"
 Parameters:    Size  Location     Type
  addr            1    wreg     unsigned char 
  ret             1    0[COMMON] PTR unsigned char 
		 -> TEngTemp(1), UbattMin(1), I2CSlaveSR@x(1), Teng(1), 
		 -> Ubatt(1), 
  Read            1    1[COMMON] unsigned char 
 Auto vars:     Size  Location     Type
  addr            1    4[COMMON] unsigned char 
  OutRet          1    5[COMMON] unsigned char 
 Return value:  Size  Location     Type
		None               void
 Registers used:
		wreg, fsr0l, fsr0h, status,2
 Tracked objects:
		On entry : 
		On exit  : 
		Unchanged: 
 Data sizes:     COMMON   BANK0   BANK1   BANK2
      Params:         2       0       0       0
      Locals:         2       0       0       0
      Temps:          2       0       0       0
      Totals:         6       0       0       0
Total ram usage:        6 bytes
 Hardware stack levels used:    1
 This function calls:
		Nothing
 This function is called by:
		_I2CSlaveSR
		i1_TEngUbattRW
 This function uses a non-reentrant model



MODULE INFORMATION

Module		Function		Class		Link	Load	Size
EEPROMfunc.c
		_TEngUbattRW   		CODE           	0BB3	0000	70
		_OutRet        		CODE           	0BF9	0000	62

EEPROMfunc.c estimated size: 132

newmain.c
		_DetectReset   		CODE           	07D3	0000	22
		_SearchStop    		CODE           	01AB	0000	143
		_I2CSlaveSR    		CODE           	03F2	0000	452
		_I2CReset      		CODE           	0E67	0000	12
		_main          		CODE           	0C3D	0000	263
		_InterruptServi		CODE           	03D5	0000	29
		_EngBinState   		CODE           	0E90	0000	363
		_TmrRoutines   		CODE           	0D44	0000	291
		_WriteLog      		CODE           	0018	0000	293

newmain.c estimated size: 1868

PinsCheck.c
		_ADC_Start     		CODE           	078B	0000	50
		_decr_check_tim		CODE           	0710	0000	58
		_CheckRes      		CODE           	063E	0000	141
		_StartCheck    		CODE           	074A	0000	65

PinsCheck.c estimated size: 314

C:\Program Files (x86)\Microchip\xc8\v1.33\sources\common\awdiv.c
		___awdiv       		CODE           	06CB	0000	69

C:\Program Files (x86)\Microchip\xc8\v1.33\sources\common\awdiv.c estimated size: 69

shared
		PL12           		CODE           	03AF	0000	10
		PL8            		CODE           	0399	0000	12
		PL22           		CODE           	07CC	0000	7
		PL14           		CODE           	03B9	0000	9
		PL24           		CODE           	0631	0000	7
		PL16           		CODE           	03C2	0000	6
		i1_TEngUbattRW 		CODE           	05B6	0000	71
		PL26           		CODE           	0638	0000	6
		PL18           		CODE           	03C8	0000	9
		PL28           		CODE           	0FFB	0000	5
		__initializatio		CODE           	000F	0000	6
		i1_OutRet      		CODE           	05FD	0000	52
		PL2            		CODE           	0379	0000	17
		PL10           		CODE           	03A5	0000	10
		PL4            		CODE           	038A	0000	15
		PL20           		CODE           	0C37	0000	6
		PL30           		CODE           	03D1	0000	4
		PL6            		CODE           	07BD	0000	15

shared estimated size: 267

../../i2c/i2c_my.c
		_i2c_start     		CODE           	02DD	0000	32
		_RXbyte        		CODE           	023A	0000	72
		_i2c_rx        		CODE           	0326	0000	83
		_i2c_stop      		CODE           	02FD	0000	41
		_i2c_init      		CODE           	0E73	0000	29
		_TXNbytes      		CODE           	013D	0000	110
		_i2c_tx        		CODE           	0282	0000	91

../../i2c/i2c_my.c estimated size: 458

